[2026-08-10 22:00:21] production.ERROR: The /Users/munad/Documents/Micro Travel/Micro-Travel-Laravel/bootstrap/cache directory must be present and writable. {"exception":"[object] (Exception(code: 0): The /Users/munad/Documents/Micro Travel/Micro-Travel-Laravel/bootstrap/cache directory must be present and writable. at /Users/munad/Documents/Micro Travel/Micro-Travel-Laravel/vendor/laravel/framework/src/Illuminate/Foundation/PackageManifest.php:179)
[stacktrace]
#0 /Users/munad/Documents/Micro Travel/Micro-Travel-Laravel/vendor/laravel/framework/src/Illuminate/Foundation/PackageManifest.php(132): Illuminate\\Foundation\\PackageManifest->write(Array)
#1 /Users/munad/Documents/Micro Travel/Micro-Travel-Laravel/vendor/laravel/framework/src/Illuminate/Foundation/PackageManifest.php(108): Illuminate\\Foundation\\PackageManifest->build()
#2 /Users/munad/Documents/Micro Travel/Micro-Travel-Laravel/vendor/laravel/framework/src/Illuminate/Foundation/PackageManifest.php(90): Illuminate\\Foundation\\PackageManifest->getManifest()
#3 /Users/munad/Documents/Micro Travel/Micro-Travel-Laravel/vendor/laravel/framework/src/Illuminate/Foundation/PackageManifest.php(79): Illuminate\\Foundation\\PackageManifest->config('aliases')
#4 /Users/munad/Documents/Micro Travel/Micro-Travel-Laravel/vendor/laravel/framework/src/Illuminate/Foundation/Bootstrap/RegisterFacades.php(26): Illuminate\\Foundation\\PackageManifest->aliases()
#5 /Users/munad/Documents/Micro Travel/Micro-Travel-Laravel/vendor/laravel/framework/src/Illuminate/Foundation/Application.php(342): Illuminate\\Foundation\\Bootstrap\\RegisterFacades->bootstrap(Object(Illuminate\\Foundation\\Application))
#6 /Users/munad/Documents/Micro Travel/Micro-Travel-Laravel/vendor/laravel/framework/src/Illuminate/Foundation/Console/Kernel.php(494): Illuminate\\Foundation\\Application->bootstrapWith(Array)
#7 /Users/munad/Documents/Micro Travel/Micro-Travel-Laravel/vendor/laravel/framework/src/Illuminate/Foundation/Console/Kernel.php(196): Illuminate\\Foundation\\Console\\Kernel->bootstrap()
#8 /Users/munad/Documents/Micro Travel/Micro-Travel-Laravel/vendor/laravel/framework/src/Illuminate/Foundation/Application.php(1235): Illuminate\\Foundation\\Console\\Kernel->handle(Object(Symfony\\Component\\Console\\Input\\ArgvInput), Object(Symfony\\Component\\Console\\Output\\ConsoleOutput))
#9 /Users/munad/Documents/Micro Travel/Micro-Travel-Laravel/artisan(6): Illuminate\\Foundation\\Application->handleCommand(Object(Symfony\\Component\\Console\\Input\\ArgvInput))
#10 {main}
"} 
[2026-08-10 22:01:22] local.ERROR: SQLSTATE[HY000]: General error: 1 no such table: cache (Connection: sqlite, Database: /Users/munad/Documents/Micro Travel/Micro-Travel-Laravel/database/database.sqlite, SQL: delete from "cache") {"exception":"[object] (Illuminate\\Database\\QueryException(code: HY000): SQLSTATE[HY000]: General error: 1 no such table: cache (Connection: sqlite, Database: /Users/munad/Documents/Micro Travel/Micro-Travel-Laravel/database/database.sqlite, SQL: delete from \"cache\") at /Users/munad/Documents/Micro Travel/Micro-Travel-Laravel/vendor/laravel/framework/src/Illuminate/Database/Connection.php:838)
[stacktrace]
#0 /Users/munad/Documents/Micro Travel/Micro-Travel-Laravel/vendor/laravel/framework/src/Illuminate/Database/Connection.php(794): Illuminate\\Database\\Connection->runQueryCallback('delete from \"ca...', Array, Object(Closure))
#1 /Users/munad/Documents/Micro Travel/Micro-Travel-Laravel/vendor/laravel/framework/src/Illuminate/Database/Connection.php(597): Illuminate\\Database\\Connection->run('delete from \"ca...', Array, Object(Closure))
#2 /Users/munad/Documents/Micro Travel/Micro-Travel-Laravel/vendor/laravel/framework/src/Illuminate/Database/Connection.php(561): Illuminate\\Database\\Connection->affectingStatement('delete from \"ca...', Array)
#3 /Users/munad/Documents/Micro Travel/Micro-Travel-Laravel/vendor/laravel/framework/src/Illuminate/Database/Query/Builder.php(4426): Illuminate\\Database\\Connection->delete('delete from \"ca...', Array)
#4 /Users/munad/Documents/Micro Travel/Micro-Travel-Laravel/vendor/laravel/framework/src/Illuminate/Cache/DatabaseStore.php(433): Illuminate\\Database\\Query\\Builder->delete()
#5 /Users/munad/Documents/Micro Travel/Micro-Travel-Laravel/vendor/laravel/framework/src/Illuminate/Cache/Repository.php(979): Illuminate\\Cache\\DatabaseStore->flush()
#6 /Users/munad/Documents/Micro Travel/Micro-Travel-Laravel/vendor/laravel/framework/src/Illuminate/Cache/Console/ClearCommand.php(68): Illuminate\\Cache\\Repository->__call('flush', Array)
#7 /Users/munad/Documents/Micro Travel/Micro-Travel-Laravel/vendor/laravel/framework/src/Illuminate/Container/BoundMethod.php(36): Illuminate\\Cache\\Console\\ClearCommand->handle()
#8 /Users/munad/Documents/Micro Travel/Micro-Travel-Laravel/vendor/laravel/framework/src/Illuminate/Container/Util.php(43): Illuminate\\Container\\BoundMethod::{closure:Illuminate\\Container\\BoundMethod::call():35}()
#9 /Users/munad/Documents/Micro Travel/Micro-Travel-Laravel/vendor/laravel/framework/src/Illuminate/Container/BoundMethod.php(96): Illuminate\\Container\\Util::unwrapIfClosure(Object(Closure))
#10 /Users/munad/Documents/Micro Travel/Micro-Travel-Laravel/vendor/laravel/framework/src/Illuminate/Container/BoundMethod.php(35): Illuminate\\Container\\BoundMethod::callBoundMethod(Object(Illuminate\\Foundation\\Application), Array, Object(Closure))
#11 /Users/munad/Documents/Micro Travel/Micro-Travel-Laravel/vendor/laravel/framework/src/Illuminate/Container/Container.php(799): Illuminate\\Container\\BoundMethod::call(Object(Illuminate\\Foundation\\Application), Array, Array, NULL)
#12 /Users/munad/Documents/Micro Travel/Micro-Travel-Laravel/vendor/laravel/framework/src/Illuminate/Console/Command.php(211): Illuminate\\Container\\Container->call(Array)
#13 /Users/munad/Documents/Micro Travel/Micro-Travel-Laravel/vendor/symfony/console/Command/Command.php(341): Illuminate\\Console\\Command->execute(Object(Symfony\\Component\\Console\\Input\\ArrayInput), Object(Illuminate\\Console\\OutputStyle))
#14 /Users/munad/Documents/Micro Travel/Micro-Travel-Laravel/vendor/laravel/framework/src/Illuminate/Console/Command.php(180): Symfony\\Component\\Console\\Command\\Command->run(Object(Symfony\\Component\\Console\\Input\\ArrayInput), Object(Illuminate\\Console\\OutputStyle))
#15 /Users/munad/Documents/Micro Travel/Micro-Travel-Laravel/vendor/laravel/framework/src/Illuminate/Console/Concerns/CallsCommands.php(68): Illuminate\\Console\\Command->run(Object(Symfony\\Component\\Console\\Input\\ArrayInput), Object(Symfony\\Component\\Console\\Output\\NullOutput))
#16 /Users/munad/Documents/Micro Travel/Micro-Travel-Laravel/vendor/laravel/framework/src/Illuminate/Console/Concerns/CallsCommands.php(41): Illuminate\\Console\\Command->runCommand('cache:clear', Array, Object(Symfony\\Component\\Console\\Output\\NullOutput))
#17 /Users/munad/Documents/Micro Travel/Micro-Travel-Laravel/vendor/laravel/framework/src/Illuminate/Console/Concerns/CallsCommands.php(53): Illuminate\\Console\\Command->callSilent('cache:clear', Array)
#18 /Users/munad/Documents/Micro Travel/Micro-Travel-Laravel/vendor/laravel/framework/src/Illuminate/Foundation/Console/OptimizeClearCommand.php(48): Illuminate\\Console\\Command->callSilently('cache:clear')
#19 /Users/munad/Documents/Micro Travel/Micro-Travel-Laravel/vendor/laravel/framework/src/Illuminate/Console/View/Components/Task.php(41): Illuminate\\Foundation\\Console\\OptimizeClearCommand->{closure:Illuminate\\Foundation\\Console\\OptimizeClearCommand::handle():48}()
#20 /Users/munad/Documents/Micro Travel/Micro-Travel-Laravel/vendor/laravel/framework/src/Illuminate/Console/View/Components/Factory.php(59): Illuminate\\Console\\View\\Components\\Task->render('cache', Object(Closure))
#21 /Users/munad/Documents/Micro Travel/Micro-Travel-Laravel/vendor/laravel/framework/src/Illuminate/Foundation/Console/OptimizeClearCommand.php(48): Illuminate\\Console\\View\\Components\\Factory->__call('task', Array)
#22 /Users/munad/Documents/Micro Travel/Micro-Travel-Laravel/vendor/laravel/framework/src/Illuminate/Container/BoundMethod.php(36): Illuminate\\Foundation\\Console\\OptimizeClearCommand->handle()
#23 /Users/munad/Documents/Micro Travel/Micro-Travel-Laravel/vendor/laravel/framework/src/Illuminate/Container/Util.php(43): Illuminate\\Container\\BoundMethod::{closure:Illuminate\\Container\\BoundMethod::call():35}()
#24 /Users/munad/Documents/Micro Travel/Micro-Travel-Laravel/vendor/laravel/framework/src/Illuminate/Container/BoundMethod.php(96): Illuminate\\Container\\Util::unwrapIfClosure(Object(Closure))
#25 /Users/munad/Documents/Micro Travel/Micro-Travel-Laravel/vendor/laravel/framework/src/Illuminate/Container/BoundMethod.php(35): Illuminate\\Container\\BoundMethod::callBoundMethod(Object(Illuminate\\Foundation\\Application), Array, Object(Closure))
#26 /Users/munad/Documents/Micro Travel/Micro-Travel-Laravel/vendor/laravel/framework/src/Illuminate/Container/Container.php(799): Illuminate\\Container\\BoundMethod::call(Object(Illuminate\\Foundation\\Application), Array, Array, NULL)
#27 /Users/munad/Documents/Micro Travel/Micro-Travel-Laravel/vendor/laravel/framework/src/Illuminate/Console/Command.php(211): Illuminate\\Container\\Container->call(Array)
#28 /Users/munad/Documents/Micro Travel/Micro-Travel-Laravel/vendor/symfony/console/Command/Command.php(341): Illuminate\\Console\\Command->execute(Object(Symfony\\Component\\Console\\Input\\ArgvInput), Object(Illuminate\\Console\\OutputStyle))
#29 /Users/munad/Documents/Micro Travel/Micro-Travel-Laravel/vendor/laravel/framework/src/Illuminate/Console/Command.php(180): Symfony\\Component\\Console\\Command\\Command->run(Object(Symfony\\Component\\Console\\Input\\ArgvInput), Object(Illuminate\\Console\\OutputStyle))
#30 /Users/munad/Documents/Micro Travel/Micro-Travel-Laravel/vendor/symfony/console/Application.php(1117): Illuminate\\Console\\Command->run(Object(Symfony\\Component\\Console\\Input\\ArgvInput), Object(Symfony\\Component\\Console\\Output\\ConsoleOutput))
#31 /Users/munad/Documents/Micro Travel/Micro-Travel-Laravel/vendor/symfony/console/Application.php(356): Symfony\\Component\\Console\\Application->doRunCommand(Object(Illuminate\\Foundation\\Console\\OptimizeClearCommand), Object(Symfony\\Component\\Console\\Input\\ArgvInput), Object(Symfony\\Component\\Console\\Output\\ConsoleOutput))
#32 /Users/munad/Documents/Micro Travel/Micro-Travel-Laravel/vendor/symfony/console/Application.php(195): Symfony\\Component\\Console\\Application->doRun(Object(Symfony\\Component\\Console\\Input\\ArgvInput), Object(Symfony\\Component\\Console\\Output\\ConsoleOutput))
#33 /Users/munad/Documents/Micro Travel/Micro-Travel-Laravel/vendor/laravel/framework/src/Illuminate/Foundation/Console/Kernel.php(198): Symfony\\Component\\Console\\Application->run(Object(Symfony\\Component\\Console\\Input\\ArgvInput), Object(Symfony\\Component\\Console\\Output\\ConsoleOutput))
#34 /Users/munad/Documents/Micro Travel/Micro-Travel-Laravel/vendor/laravel/framework/src/Illuminate/Foundation/Application.php(1235): Illuminate\\Foundation\\Console\\Kernel->handle(Object(Symfony\\Component\\Console\\Input\\ArgvInput), Object(Symfony\\Component\\Console\\Output\\ConsoleOutput))
#35 /Users/munad/Documents/Micro Travel/Micro-Travel-Laravel/artisan(6): Illuminate\\Foundation\\Application->handleCommand(Object(Symfony\\Component\\Console\\Input\\ArgvInput))
#36 {main}

[previous exception] [object] (PDOException(code: HY000): SQLSTATE[HY000]: General error: 1 no such table: cache at /Users/munad/Documents/Micro Travel/Micro-Travel-Laravel/vendor/laravel/framework/src/Illuminate/Database/Connection.php:605)
[stacktrace]
#0 /Users/munad/Documents/Micro Travel/Micro-Travel-Laravel/vendor/laravel/framework/src/Illuminate/Database/Connection.php(605): PDO->prepare('delete from \"ca...')
#1 /Users/munad/Documents/Micro Travel/Micro-Travel-Laravel/vendor/laravel/framework/src/Illuminate/Database/Connection.php(827): Illuminate\\Database\\Connection->{closure:Illuminate\\Database\\Connection::affectingStatement():597}('delete from \"ca...', Array)
#2 /Users/munad/Documents/Micro Travel/Micro-Travel-Laravel/vendor/laravel/framework/src/Illuminate/Database/Connection.php(794): Illuminate\\Database\\Connection->runQueryCallback('delete from \"ca...', Array, Object(Closure))
#3 /Users/munad/Documents/Micro Travel/Micro-Travel-Laravel/vendor/laravel/framework/src/Illuminate/Database/Connection.php(597): Illuminate\\Database\\Connection->run('delete from \"ca...', Array, Object(Closure))
#4 /Users/munad/Documents/Micro Travel/Micro-Travel-Laravel/vendor/laravel/framework/src/Illuminate/Database/Connection.php(561): Illuminate\\Database\\Connection->affectingStatement('delete from \"ca...', Array)
#5 /Users/munad/Documents/Micro Travel/Micro-Travel-Laravel/vendor/laravel/framework/src/Illuminate/Database/Query/Builder.php(4426): Illuminate\\Database\\Connection->delete('delete from \"ca...', Array)
#6 /Users/munad/Documents/Micro Travel/Micro-Travel-Laravel/vendor/laravel/framework/src/Illuminate/Cache/DatabaseStore.php(433): Illuminate\\Database\\Query\\Builder->delete()
#7 /Users/munad/Documents/Micro Travel/Micro-Travel-Laravel/vendor/laravel/framework/src/Illuminate/Cache/Repository.php(979): Illuminate\\Cache\\DatabaseStore->flush()
#8 /Users/munad/Documents/Micro Travel/Micro-Travel-Laravel/vendor/laravel/framework/src/Illuminate/Cache/Console/ClearCommand.php(68): Illuminate\\Cache\\Repository->__call('flush', Array)
#9 /Users/munad/Documents/Micro Travel/Micro-Travel-Laravel/vendor/laravel/framework/src/Illuminate/Container/BoundMethod.php(36): Illuminate\\Cache\\Console\\ClearCommand->handle()
#10 /Users/munad/Documents/Micro Travel/Micro-Travel-Laravel/vendor/laravel/framework/src/Illuminate/Container/Util.php(43): Illuminate\\Container\\BoundMethod::{closure:Illuminate\\Container\\BoundMethod::call():35}()
#11 /Users/munad/Documents/Micro Travel/Micro-Travel-Laravel/vendor/laravel/framework/src/Illuminate/Container/BoundMethod.php(96): Illuminate\\Container\\Util::unwrapIfClosure(Object(Closure))
#12 /Users/munad/Documents/Micro Travel/Micro-Travel-Laravel/vendor/laravel/framework/src/Illuminate/Container/BoundMethod.php(35): Illuminate\\Container\\BoundMethod::callBoundMethod(Object(Illuminate\\Foundation\\Application), Array, Object(Closure))
#13 /Users/munad/Documents/Micro Travel/Micro-Travel-Laravel/vendor/laravel/framework/src/Illuminate/Container/Container.php(799): Illuminate\\Container\\BoundMethod::call(Object(Illuminate\\Foundation\\Application), Array, Array, NULL)
#14 /Users/munad/Documents/Micro Travel/Micro-Travel-Laravel/vendor/laravel/framework/src/Illuminate/Console/Command.php(211): Illuminate\\Container\\Container->call(Array)
#15 /Users/munad/Documents/Micro Travel/Micro-Travel-Laravel/vendor/symfony/console/Command/Command.php(341): Illuminate\\Console\\Command->execute(Object(Symfony\\Component\\Console\\Input\\ArrayInput), Object(Illuminate\\Console\\OutputStyle))
#16 /Users/munad/Documents/Micro Travel/Micro-Travel-Laravel/vendor/laravel/framework/src/Illuminate/Console/Command.php(180): Symfony\\Component\\Console\\Command\\Command->run(Object(Symfony\\Component\\Console\\Input\\ArrayInput), Object(Illuminate\\Console\\OutputStyle))
#17 /Users/munad/Documents/Micro Travel/Micro-Travel-Laravel/vendor/laravel/framework/src/Illuminate/Console/Concerns/CallsCommands.php(68): Illuminate\\Console\\Command->run(Object(Symfony\\Component\\Console\\Input\\ArrayInput), Object(Symfony\\Component\\Console\\Output\\NullOutput))
#18 /Users/munad/Documents/Micro Travel/Micro-Travel-Laravel/vendor/laravel/framework/src/Illuminate/Console/Concerns/CallsCommands.php(41): Illuminate\\Console\\Command->runCommand('cache:clear', Array, Object(Symfony\\Component\\Console\\Output\\NullOutput))
#19 /Users/munad/Documents/Micro Travel/Micro-Travel-Laravel/vendor/laravel/framework/src/Illuminate/Console/Concerns/CallsCommands.php(53): Illuminate\\Console\\Command->callSilent('cache:clear', Array)
#20 /Users/munad/Documents/Micro Travel/Micro-Travel-Laravel/vendor/laravel/framework/src/Illuminate/Foundation/Console/OptimizeClearCommand.php(48): Illuminate\\Console\\Command->callSilently('cache:clear')
#21 /Users/munad/Documents/Micro Travel/Micro-Travel-Laravel/vendor/laravel/framework/src/Illuminate/Console/View/Components/Task.php(41): Illuminate\\Foundation\\Console\\OptimizeClearCommand->{closure:Illuminate\\Foundation\\Console\\OptimizeClearCommand::handle():48}()
#22 /Users/munad/Documents/Micro Travel/Micro-Travel-Laravel/vendor/laravel/framework/src/Illuminate/Console/View/Components/Factory.php(59): Illuminate\\Console\\View\\Components\\Task->render('cache', Object(Closure))
#23 /Users/munad/Documents/Micro Travel/Micro-Travel-Laravel/vendor/laravel/framework/src/Illuminate/Foundation/Console/OptimizeClearCommand.php(48): Illuminate\\Console\\View\\Components\\Factory->__call('task', Array)
#24 /Users/munad/Documents/Micro Travel/Micro-Travel-Laravel/vendor/laravel/framework/src/Illuminate/Container/BoundMethod.php(36): Illuminate\\Foundation\\Console\\OptimizeClearCommand->handle()
#25 /Users/munad/Documents/Micro Travel/Micro-Travel-Laravel/vendor/laravel/framework/src/Illuminate/Container/Util.php(43): Illuminate\\Container\\BoundMethod::{closure:Illuminate\\Container\\BoundMethod::call():35}()
#26 /Users/munad/Documents/Micro Travel/Micro-Travel-Laravel/vendor/laravel/framework/src/Illuminate/Container/BoundMethod.php(96): Illuminate\\Container\\Util::unwrapIfClosure(Object(Closure))
#27 /Users/munad/Documents/Micro Travel/Micro-Travel-Laravel/vendor/laravel/framework/src/Illuminate/Container/BoundMethod.php(35): Illuminate\\Container\\BoundMethod::callBoundMethod(Object(Illuminate\\Foundation\\Application), Array, Object(Closure))
#28 /Users/munad/Documents/Micro Travel/Micro-Travel-Laravel/vendor/laravel/framework/src/Illuminate/Container/Container.php(799): Illuminate\\Container\\BoundMethod::call(Object(Illuminate\\Foundation\\Application), Array, Array, NULL)
#29 /Users/munad/Documents/Micro Travel/Micro-Travel-Laravel/vendor/laravel/framework/src/Illuminate/Console/Command.php(211): Illuminate\\Container\\Container->call(Array)
#30 /Users/munad/Documents/Micro Travel/Micro-Travel-Laravel/vendor/symfony/console/Command/Command.php(341): Illuminate\\Console\\Command->execute(Object(Symfony\\Component\\Console\\Input\\ArgvInput), Object(Illuminate\\Console\\OutputStyle))
#31 /Users/munad/Documents/Micro Travel/Micro-Travel-Laravel/vendor/laravel/framework/src/Illuminate/Console/Command.php(180): Symfony\\Component\\Console\\Command\\Command->run(Object(Symfony\\Component\\Console\\Input\\ArgvInput), Object(Illuminate\\Console\\OutputStyle))
#32 /Users/munad/Documents/Micro Travel/Micro-Travel-Laravel/vendor/symfony/console/Application.php(1117): Illuminate\\Console\\Command->run(Object(Symfony\\Component\\Console\\Input\\ArgvInput), Object(Symfony\\Component\\Console\\Output\\ConsoleOutput))
#33 /Users/munad/Documents/Micro Travel/Micro-Travel-Laravel/vendor/symfony/console/Application.php(356): Symfony\\Component\\Console\\Application->doRunCommand(Object(Illuminate\\Foundation\\Console\\OptimizeClearCommand), Object(Symfony\\Component\\Console\\Input\\ArgvInput), Object(Symfony\\Component\\Console\\Output\\ConsoleOutput))
#34 /Users/munad/Documents/Micro Travel/Micro-Travel-Laravel/vendor/symfony/console/Application.php(195): Symfony\\Component\\Console\\Application->doRun(Object(Symfony\\Component\\Console\\Input\\ArgvInput), Object(Symfony\\Component\\Console\\Output\\ConsoleOutput))
#35 /Users/munad/Documents/Micro Travel/Micro-Travel-Laravel/vendor/laravel/framework/src/Illuminate/Foundation/Console/Kernel.php(198): Symfony\\Component\\Console\\Application->run(Object(Symfony\\Component\\Console\\Input\\ArgvInput), Object(Symfony\\Component\\Console\\Output\\ConsoleOutput))
#36 /Users/munad/Documents/Micro Travel/Micro-Travel-Laravel/vendor/laravel/framework/src/Illuminate/Foundation/Application.php(1235): Illuminate\\Foundation\\Console\\Kernel->handle(Object(Symfony\\Component\\Console\\Input\\ArgvInput), Object(Symfony\\Component\\Console\\Output\\ConsoleOutput))
#37 /Users/munad/Documents/Micro Travel/Micro-Travel-Laravel/artisan(6): Illuminate\\Foundation\\Application->handleCommand(Object(Symfony\\Component\\Console\\Input\\ArgvInput))
#38 {main}
"} 
[2026-08-10 22:01:31] local.ERROR: Writing to /Users/munad/.config/psysh/psysh_history is not allowed. {"exception":"[object] (ErrorException(code: 0): Writing to /Users/munad/.config/psysh/psysh_history is not allowed. at /Users/munad/Documents/Micro Travel/Micro-Travel-Laravel/vendor/psy/psysh/src/ConfigPaths.php:480)
[stacktrace]
#0 /Users/munad/Documents/Micro Travel/Micro-Travel-Laravel/vendor/laravel/framework/src/Illuminate/Foundation/Bootstrap/HandleExceptions.php(262): Illuminate\\Foundation\\Bootstrap\\HandleExceptions->handleError(1024, 'Writing to /Use...', '/Users/munad/Do...', 480)
#1 [internal function]: Illuminate\\Foundation\\Bootstrap\\HandleExceptions->{closure:Illuminate\\Foundation\\Bootstrap\\HandleExceptions::forwardsTo():261}(1024, 'Writing to /Use...', '/Users/munad/Do...', 480)
#2 /Users/munad/Documents/Micro Travel/Micro-Travel-Laravel/vendor/psy/psysh/src/ConfigPaths.php(480): trigger_error('Writing to /Use...', 1024)
#3 /Users/munad/Documents/Micro Travel/Micro-Travel-Laravel/vendor/psy/psysh/src/Configuration.php(1068): Psy\\ConfigPaths::touchFileWithMkdir('/Users/munad/.c...')
#4 /Users/munad/Documents/Micro Travel/Micro-Travel-Laravel/vendor/psy/psysh/src/Configuration.php(1106): Psy\\Configuration->setHistoryFile('/Users/munad/.c...')
#5 /Users/munad/Documents/Micro Travel/Micro-Travel-Laravel/vendor/psy/psysh/src/Configuration.php(1285): Psy\\Configuration->getHistoryFile()
#6 /Users/munad/Documents/Micro Travel/Micro-Travel-Laravel/vendor/psy/psysh/src/Shell.php(192): Psy\\Configuration->getReadline()
#7 /Users/munad/Documents/Micro Travel/Micro-Travel-Laravel/vendor/psy/psysh/src/Shell.php(2213): Psy\\Shell->boot()
#8 /Users/munad/Documents/Micro Travel/Micro-Travel-Laravel/vendor/laravel/tinker/src/Console/TinkerCommand.php(77): Psy\\Shell->execute('echo App\\\\Models...')
#9 /Users/munad/Documents/Micro Travel/Micro-Travel-Laravel/vendor/laravel/framework/src/Illuminate/Container/BoundMethod.php(36): Laravel\\Tinker\\Console\\TinkerCommand->handle()
#10 /Users/munad/Documents/Micro Travel/Micro-Travel-Laravel/vendor/laravel/framework/src/Illuminate/Container/Util.php(43): Illuminate\\Container\\BoundMethod::{closure:Illuminate\\Container\\BoundMethod::call():35}()
#11 /Users/munad/Documents/Micro Travel/Micro-Travel-Laravel/vendor/laravel/framework/src/Illuminate/Container/BoundMethod.php(96): Illuminate\\Container\\Util::unwrapIfClosure(Object(Closure))
#12 /Users/munad/Documents/Micro Travel/Micro-Travel-Laravel/vendor/laravel/framework/src/Illuminate/Container/BoundMethod.php(35): Illuminate\\Container\\BoundMethod::callBoundMethod(Object(Illuminate\\Foundation\\Application), Array, Object(Closure))
#13 /Users/munad/Documents/Micro Travel/Micro-Travel-Laravel/vendor/laravel/framework/src/Illuminate/Container/Container.php(799): Illuminate\\Container\\BoundMethod::call(Object(Illuminate\\Foundation\\Application), Array, Array, NULL)
#14 /Users/munad/Documents/Micro Travel/Micro-Travel-Laravel/vendor/laravel/framework/src/Illuminate/Console/Command.php(211): Illuminate\\Container\\Container->call(Array)
#15 /Users/munad/Documents/Micro Travel/Micro-Travel-Laravel/vendor/symfony/console/Command/Command.php(341): Illuminate\\Console\\Command->execute(Object(Symfony\\Component\\Console\\Input\\ArgvInput), Object(Illuminate\\Console\\OutputStyle))
#16 /Users/munad/Documents/Micro Travel/Micro-Travel-Laravel/vendor/laravel/framework/src/Illuminate/Console/Command.php(180): Symfony\\Component\\Console\\Command\\Command->run(Object(Symfony\\Component\\Console\\Input\\ArgvInput), Object(Illuminate\\Console\\OutputStyle))
#17 /Users/munad/Documents/Micro Travel/Micro-Travel-Laravel/vendor/symfony/console/Application.php(1117): Illuminate\\Console\\Command->run(Object(Symfony\\Component\\Console\\Input\\ArgvInput), Object(Symfony\\Component\\Console\\Output\\ConsoleOutput))
#18 /Users/munad/Documents/Micro Travel/Micro-Travel-Laravel/vendor/symfony/console/Application.php(356): Symfony\\Component\\Console\\Application->doRunCommand(Object(Laravel\\Tinker\\Console\\TinkerCommand), Object(Symfony\\Component\\Console\\Input\\ArgvInput), Object(Symfony\\Component\\Console\\Output\\ConsoleOutput))
#19 /Users/munad/Documents/Micro Travel/Micro-Travel-Laravel/vendor/symfony/console/Application.php(195): Symfony\\Component\\Console\\Application->doRun(Object(Symfony\\Component\\Console\\Input\\ArgvInput), Object(Symfony\\Component\\Console\\Output\\ConsoleOutput))
#20 /Users/munad/Documents/Micro Travel/Micro-Travel-Laravel/vendor/laravel/framework/src/Illuminate/Foundation/Console/Kernel.php(198): Symfony\\Component\\Console\\Application->run(Object(Symfony\\Component\\Console\\Input\\ArgvInput), Object(Symfony\\Component\\Console\\Output\\ConsoleOutput))
#21 /Users/munad/Documents/Micro Travel/Micro-Travel-Laravel/vendor/laravel/framework/src/Illuminate/Foundation/Application.php(1235): Illuminate\\Foundation\\Console\\Kernel->handle(Object(Symfony\\Component\\Console\\Input\\ArgvInput), Object(Symfony\\Component\\Console\\Output\\ConsoleOutput))
#22 /Users/munad/Documents/Micro Travel/Micro-Travel-Laravel/artisan(6): Illuminate\\Foundation\\Application->handleCommand(Object(Symfony\\Component\\Console\\Input\\ArgvInput))
#23 {main}
"} 
[2026-08-10 23:48:52] local.ERROR: Writing to /Users/munad/.config/psysh/psysh_history is not allowed. {"exception":"[object] (ErrorException(code: 0): Writing to /Users/munad/.config/psysh/psysh_history is not allowed. at /Users/munad/Documents/Micro Travel/Micro-Travel-Laravel/vendor/psy/psysh/src/ConfigPaths.php:480)
[stacktrace]
#0 /Users/munad/Documents/Micro Travel/Micro-Travel-Laravel/vendor/laravel/framework/src/Illuminate/Foundation/Bootstrap/HandleExceptions.php(262): Illuminate\\Foundation\\Bootstrap\\HandleExceptions->handleError(1024, 'Writing to /Use...', '/Users/munad/Do...', 480)
#1 [internal function]: Illuminate\\Foundation\\Bootstrap\\HandleExceptions->{closure:Illuminate\\Foundation\\Bootstrap\\HandleExceptions::forwardsTo():261}(1024, 'Writing to /Use...', '/Users/munad/Do...', 480)
#2 /Users/munad/Documents/Micro Travel/Micro-Travel-Laravel/vendor/psy/psysh/src/ConfigPaths.php(480): trigger_error('Writing to /Use...', 1024)
#3 /Users/munad/Documents/Micro Travel/Micro-Travel-Laravel/vendor/psy/psysh/src/Configuration.php(1068): Psy\\ConfigPaths::touchFileWithMkdir('/Users/munad/.c...')
#4 /Users/munad/Documents/Micro Travel/Micro-Travel-Laravel/vendor/psy/psysh/src/Configuration.php(1106): Psy\\Configuration->setHistoryFile('/Users/munad/.c...')
#5 /Users/munad/Documents/Micro Travel/Micro-Travel-Laravel/vendor/psy/psysh/src/Configuration.php(1285): Psy\\Configuration->getHistoryFile()
#6 /Users/munad/Documents/Micro Travel/Micro-Travel-Laravel/vendor/psy/psysh/src/Shell.php(192): Psy\\Configuration->getReadline()
#7 /Users/munad/Documents/Micro Travel/Micro-Travel-Laravel/vendor/psy/psysh/src/Shell.php(2213): Psy\\Shell->boot()
#8 /Users/munad/Documents/Micro Travel/Micro-Travel-Laravel/vendor/laravel/tinker/src/Console/TinkerCommand.php(77): Psy\\Shell->execute('echo App\\\\Models...')
#9 /Users/munad/Documents/Micro Travel/Micro-Travel-Laravel/vendor/laravel/framework/src/Illuminate/Container/BoundMethod.php(36): Laravel\\Tinker\\Console\\TinkerCommand->handle()
#10 /Users/munad/Documents/Micro Travel/Micro-Travel-Laravel/vendor/laravel/framework/src/Illuminate/Container/Util.php(43): Illuminate\\Container\\BoundMethod::{closure:Illuminate\\Container\\BoundMethod::call():35}()
#11 /Users/munad/Documents/Micro Travel/Micro-Travel-Laravel/vendor/laravel/framework/src/Illuminate/Container/BoundMethod.php(96): Illuminate\\Container\\Util::unwrapIfClosure(Object(Closure))
#12 /Users/munad/Documents/Micro Travel/Micro-Travel-Laravel/vendor/laravel/framework/src/Illuminate/Container/BoundMethod.php(35): Illuminate\\Container\\BoundMethod::callBoundMethod(Object(Illuminate\\Foundation\\Application), Array, Object(Closure))
#13 /Users/munad/Documents/Micro Travel/Micro-Travel-Laravel/vendor/laravel/framework/src/Illuminate/Container/Container.php(799): Illuminate\\Container\\BoundMethod::call(Object(Illuminate\\Foundation\\Application), Array, Array, NULL)
#14 /Users/munad/Documents/Micro Travel/Micro-Travel-Laravel/vendor/laravel/framework/src/Illuminate/Console/Command.php(211): Illuminate\\Container\\Container->call(Array)
#15 /Users/munad/Documents/Micro Travel/Micro-Travel-Laravel/vendor/symfony/console/Command/Command.php(341): Illuminate\\Console\\Command->execute(Object(Symfony\\Component\\Console\\Input\\ArgvInput), Object(Illuminate\\Console\\OutputStyle))
#16 /Users/munad/Documents/Micro Travel/Micro-Travel-Laravel/vendor/laravel/framework/src/Illuminate/Console/Command.php(180): Symfony\\Component\\Console\\Command\\Command->run(Object(Symfony\\Component\\Console\\Input\\ArgvInput), Object(Illuminate\\Console\\OutputStyle))
#17 /Users/munad/Documents/Micro Travel/Micro-Travel-Laravel/vendor/symfony/console/Application.php(1117): Illuminate\\Console\\Command->run(Object(Symfony\\Component\\Console\\Input\\ArgvInput), Object(Symfony\\Component\\Console\\Output\\ConsoleOutput))
#18 /Users/munad/Documents/Micro Travel/Micro-Travel-Laravel/vendor/symfony/console/Application.php(356): Symfony\\Component\\Console\\Application->doRunCommand(Object(Laravel\\Tinker\\Console\\TinkerCommand), Object(Symfony\\Component\\Console\\Input\\ArgvInput), Object(Symfony\\Component\\Console\\Output\\ConsoleOutput))
#19 /Users/munad/Documents/Micro Travel/Micro-Travel-Laravel/vendor/symfony/console/Application.php(195): Symfony\\Component\\Console\\Application->doRun(Object(Symfony\\Component\\Console\\Input\\ArgvInput), Object(Symfony\\Component\\Console\\Output\\ConsoleOutput))
#20 /Users/munad/Documents/Micro Travel/Micro-Travel-Laravel/vendor/laravel/framework/src/Illuminate/Foundation/Console/Kernel.php(198): Symfony\\Component\\Console\\Application->run(Object(Symfony\\Component\\Console\\Input\\ArgvInput), Object(Symfony\\Component\\Console\\Output\\ConsoleOutput))
#21 /Users/munad/Documents/Micro Travel/Micro-Travel-Laravel/vendor/laravel/framework/src/Illuminate/Foundation/Application.php(1235): Illuminate\\Foundation\\Console\\Kernel->handle(Object(Symfony\\Component\\Console\\Input\\ArgvInput), Object(Symfony\\Component\\Console\\Output\\ConsoleOutput))
#22 /Users/munad/Documents/Micro Travel/Micro-Travel-Laravel/artisan(6): Illuminate\\Foundation\\Application->handleCommand(Object(Symfony\\Component\\Console\\Input\\ArgvInput))
#23 {main}
"} 
[2026-08-22 08:54:41] local.ERROR: Writing to /Users/munad/.config/psysh/psysh_history is not allowed. {"exception":"[object] (ErrorException(code: 0): Writing to /Users/munad/.config/psysh/psysh_history is not allowed. at /Users/munad/Documents/Micro Travel/Micro-Travel-Laravel/vendor/psy/psysh/src/ConfigPaths.php:480)
[stacktrace]
#0 /Users/munad/Documents/Micro Travel/Micro-Travel-Laravel/vendor/laravel/framework/src/Illuminate/Foundation/Bootstrap/HandleExceptions.php(262): Illuminate\\Foundation\\Bootstrap\\HandleExceptions->handleError(1024, 'Writing to /Use...', '/Users/munad/Do...', 480)
#1 [internal function]: Illuminate\\Foundation\\Bootstrap\\HandleExceptions->{closure:Illuminate\\Foundation\\Bootstrap\\HandleExceptions::forwardsTo():261}(1024, 'Writing to /Use...', '/Users/munad/Do...', 480)
#2 /Users/munad/Documents/Micro Travel/Micro-Travel-Laravel/vendor/psy/psysh/src/ConfigPaths.php(480): trigger_error('Writing to /Use...', 1024)
#3 /Users/munad/Documents/Micro Travel/Micro-Travel-Laravel/vendor/psy/psysh/src/Configuration.php(1068): Psy\\ConfigPaths::touchFileWithMkdir('/Users/munad/.c...')
#4 /Users/munad/Documents/Micro Travel/Micro-Travel-Laravel/vendor/psy/psysh/src/Configuration.php(1106): Psy\\Configuration->setHistoryFile('/Users/munad/.c...')
#5 /Users/munad/Documents/Micro Travel/Micro-Travel-Laravel/vendor/psy/psysh/src/Configuration.php(1285): Psy\\Configuration->getHistoryFile()
#6 /Users/munad/Documents/Micro Travel/Micro-Travel-Laravel/vendor/psy/psysh/src/Shell.php(192): Psy\\Configuration->getReadline()
#7 /Users/munad/Documents/Micro Travel/Micro-Travel-Laravel/vendor/psy/psysh/src/Shell.php(2213): Psy\\Shell->boot()
#8 /Users/munad/Documents/Micro Travel/Micro-Travel-Laravel/vendor/laravel/tinker/src/Console/TinkerCommand.php(77): Psy\\Shell->execute('echo \\\\App\\\\Model...')
#9 /Users/munad/Documents/Micro Travel/Micro-Travel-Laravel/vendor/laravel/framework/src/Illuminate/Container/BoundMethod.php(36): Laravel\\Tinker\\Console\\TinkerCommand->handle()
#10 /Users/munad/Documents/Micro Travel/Micro-Travel-Laravel/vendor/laravel/framework/src/Illuminate/Container/Util.php(43): Illuminate\\Container\\BoundMethod::{closure:Illuminate\\Container\\BoundMethod::call():35}()
#11 /Users/munad/Documents/Micro Travel/Micro-Travel-Laravel/vendor/laravel/framework/src/Illuminate/Container/BoundMethod.php(96): Illuminate\\Container\\Util::unwrapIfClosure(Object(Closure))
#12 /Users/munad/Documents/Micro Travel/Micro-Travel-Laravel/vendor/laravel/framework/src/Illuminate/Container/BoundMethod.php(35): Illuminate\\Container\\BoundMethod::callBoundMethod(Object(Illuminate\\Foundation\\Application), Array, Object(Closure))
#13 /Users/munad/Documents/Micro Travel/Micro-Travel-Laravel/vendor/laravel/framework/src/Illuminate/Container/Container.php(799): Illuminate\\Container\\BoundMethod::call(Object(Illuminate\\Foundation\\Application), Array, Array, NULL)
#14 /Users/munad/Documents/Micro Travel/Micro-Travel-Laravel/vendor/laravel/framework/src/Illuminate/Console/Command.php(211): Illuminate\\Container\\Container->call(Array)
#15 /Users/munad/Documents/Micro Travel/Micro-Travel-Laravel/vendor/symfony/console/Command/Command.php(341): Illuminate\\Console\\Command->execute(Object(Symfony\\Component\\Console\\Input\\ArgvInput), Object(Illuminate\\Console\\OutputStyle))
#16 /Users/munad/Documents/Micro Travel/Micro-Travel-Laravel/vendor/laravel/framework/src/Illuminate/Console/Command.php(180): Symfony\\Component\\Console\\Command\\Command->run(Object(Symfony\\Component\\Console\\Input\\ArgvInput), Object(Illuminate\\Console\\OutputStyle))
#17 /Users/munad/Documents/Micro Travel/Micro-Travel-Laravel/vendor/symfony/console/Application.php(1117): Illuminate\\Console\\Command->run(Object(Symfony\\Component\\Console\\Input\\ArgvInput), Object(Symfony\\Component\\Console\\Output\\ConsoleOutput))
#18 /Users/munad/Documents/Micro Travel/Micro-Travel-Laravel/vendor/symfony/console/Application.php(356): Symfony\\Component\\Console\\Application->doRunCommand(Object(Laravel\\Tinker\\Console\\TinkerCommand), Object(Symfony\\Component\\Console\\Input\\ArgvInput), Object(Symfony\\Component\\Console\\Output\\ConsoleOutput))
#19 /Users/munad/Documents/Micro Travel/Micro-Travel-Laravel/vendor/symfony/console/Application.php(195): Symfony\\Component\\Console\\Application->doRun(Object(Symfony\\Component\\Console\\Input\\ArgvInput), Object(Symfony\\Component\\Console\\Output\\ConsoleOutput))
#20 /Users/munad/Documents/Micro Travel/Micro-Travel-Laravel/vendor/laravel/framework/src/Illuminate/Foundation/Console/Kernel.php(198): Symfony\\Component\\Console\\Application->run(Object(Symfony\\Component\\Console\\Input\\ArgvInput), Object(Symfony\\Component\\Console\\Output\\ConsoleOutput))
#21 /Users/munad/Documents/Micro Travel/Micro-Travel-Laravel/vendor/laravel/framework/src/Illuminate/Foundation/Application.php(1235): Illuminate\\Foundation\\Console\\Kernel->handle(Object(Symfony\\Component\\Console\\Input\\ArgvInput), Object(Symfony\\Component\\Console\\Output\\ConsoleOutput))
#22 /Users/munad/Documents/Micro Travel/Micro-Travel-Laravel/artisan(6): Illuminate\\Foundation\\Application->handleCommand(Object(Symfony\\Component\\Console\\Input\\ArgvInput))
#23 {main}
"} 
